// Jest Snapshot v1, https://goo.gl/fbAQLP

exports[`App renders correctly 1`] = `
<DocumentFragment>
  <div
    class="app"
  >
    <img
      alt="nasa"
      class="nasa-logo"
      src="https://cdn.cnn.com/cnnnext/dam/assets/200424060716-nasa-worm-logo.jpg"
    />
    <div
      class="search"
    >
      <form
        class="search-form"
      >
        <input
          class="search-input"
          placeholder="enter search"
          type="text"
        />
        <button
          class="search-button"
          type="submit"
        >
          Go!
        </button>
      </form>
    </div>
  </div>
</DocumentFragment>
`;
