// Jest Snapshot v1, https://goo.gl/fbAQLP

exports[`SearchResults renders correctly 1`] = `<DocumentFragment />`;

exports[`SearchResults renders results 1`] = `<DocumentFragment />`;
